.PROGRAM READS A SEQUENCE OF CHARACTERS FROM DEVF2 AND WRITES THE SAME TO DEV04
002	100		FILE_IO	START	100	NULL
003	100	4B2006	NULL	JSUB	READ_SUBR	NULL
004	103	4B201B	NULL	JSUB	WRITE_SUBR	NULL
005	106	3F203C	NULL	J	EXEC_OVER	NULL
006	109	072046	READ_SUBR	LDX	ZERO	.START OF SUBROUTINE READ_SUBR
007	10C	E32037	READ_LOOP	TD	INPUT_DEV	NULL
008	10F	332FFA	NULL	JEQ	READ_LOOP	NULL
009	112	DB2031	NULL	RD	INPUT_DEV	NULL
010	115	57A031	NULL	STCH	INPUT_DATA,X	NULL
011	118	2F203A	NULL	TIX	INPUT_LEN	NULL
012	11B	3B2FEE	NULL	JLT	READ_LOOP	NULL
013	11E	4F0000	NULL	RSUB	NULL	.END OF SUBROUTINE READ_SUBR
014	121	07202E	WRITE_SUBR	LDX	ZERO	NULL
015	124	E32020	WRITE_LOOP	TD	OUTPUT_DEV	NULL
016	127	332FFA	NULL	JEQ	WRITE_LOOP	NULL
017	12A	53A01C	NULL	LDCH	INPUT_DATA,X	NULL
018	12D	DF2017	NULL	WD	OUTPUT_DEV	NULL
019	130	2F2022	NULL	TIX	INPUT_LEN	NULL
020	133	3B2FEE	NULL	JLT	WRITE_LOOP	NULL
021	136	E3200E	READY_CHECK	TD	OUTPUT_DEV	NULL
022	139	332FFA	NULL	JEQ	READY_CHECK	NULL
023	13C	532009	NULL	LDCH	NEWLINE	NULL
024	13F	DF2005	NULL	WD	OUTPUT_DEV	NULL
025	142	4F0000	NULL	RSUB	NULL	NULL
026	145	FF	EXEC_OVER	BYTE	X'FF'	NULL
027	146	F2	INPUT_DEV	BYTE	X'F2'	NULL
028	147	04	OUTPUT_DEV	BYTE	X'04'	NULL
029	148	0A	NEWLINE	BYTE	X'0A'	NULL
030	149		INPUT_DATA	RESB	9	NULL
031	152	000000	ZERO	WORD	0	NULL
032	155	000009	INPUT_LEN	WORD	9	NULL
033	158		NULL	END	FILE_IO	NULL
